
> server@1.0.0 test
> vitest run


[1m[46m RUN [49m[22m [36mv4.1.0 [39m[90mD:/DEV CLOUD/PROJECTS/myProjects/LEARNING_APPS/NEW-STARTER/backend[39m

 [31m❯[39m __tests__/unit/cookie-service.test.js [2m([22m[2m4 tests[22m[2m | [22m[31m1 failed[39m[2m)[22m[32m 30[2mms[22m[39m
     [32m✓[39m setCookie sets correct options[32m 8[2mms[22m[39m
     [32m✓[39m httpOnly is always true regardless of NODE_ENV[32m 1[2mms[22m[39m
[31m     [31m×[31m secure flag follows environment[39m[32m 16[2mms[22m[39m
     [32m✓[39m clearCookie uses matching path[32m 1[2mms[22m[39m
 [32m✓[39m __tests__/unit/token-service.test.js [2m([22m[2m9 tests[22m[2m)[22m[32m 31[2mms[22m[39m
 [32m✓[39m __tests__/unit/crypto-utils.test.js [2m([22m[2m5 tests[22m[2m)[22m[32m 18[2mms[22m[39m
 [32m✓[39m __tests__/unit/hash-utils.test.js [2m([22m[2m6 tests[22m[2m)[22m[33m 3218[2mms[22m[39m
     [33m[2m✓[22m[39m hashPassword returns a valid bcrypt hash [33m 307[2mms[22m[39m
     [33m[2m✓[22m[39m comparePassword returns true for correct password [33m 592[2mms[22m[39m
     [33m[2m✓[22m[39m Same password hashed twice yields different hashes [33m 565[2mms[22m[39m
     [33m[2m✓[22m[39m comparePassword returns false for wrong password [33m 599[2mms[22m[39m
     [33m[2m✓[22m[39m comparePassword returns false for empty string [33m 550[2mms[22m[39m
     [33m[2m✓[22m[39m Long password is handled [33m 600[2mms[22m[39m

[31m⎯⎯⎯⎯⎯⎯⎯[39m[1m[41m Failed Tests 1 [49m[22m[31m⎯⎯⎯⎯⎯⎯⎯[39m

[41m[1m FAIL [22m[49m __tests__/unit/cookie-service.test.js[2m > [22mCookie Configuration (cookie-service.js)[2m > [22msecure flag follows environment
[31m[1mAssertionError[22m: expected false to be true // Object.is equality[39m

[32m- Expected[39m
[31m+ Received[39m

[32m- true[39m
[31m+ false[39m

[36m [2m❯[22m __tests__/unit/cookie-service.test.js:[2m51:52[22m[39m
    [90m 49|[39m     process[33m.[39menv[33m.[39m[33mNODE_ENV[39m [33m=[39m [32m"production"[39m[33m;[39m
    [90m 50|[39m     [34msetCookie[39m(mockRes[33m,[39m [32m"prodCookie"[39m[33m,[39m [32m"val"[39m)[33m;[39m
    [90m 51|[39m     [34mexpect[39m(mockRes[33m.[39mcookie[33m.[39mmock[33m.[39mcalls[[34m0[39m][[34m2[39m][33m.[39msecure)[33m.[39m[34mtoBe[39m([35mtrue[39m)[33m;[39m
    [90m   |[39m                                                    [31m^[39m
    [90m 52|[39m
    [90m 53|[39m     process[33m.[39menv[33m.[39m[33mNODE_ENV[39m [33m=[39m [32m"development"[39m[33m;[39m

[31m[2m⎯⎯⎯⎯⎯⎯⎯⎯⎯⎯⎯⎯⎯⎯⎯⎯⎯⎯⎯⎯⎯⎯⎯⎯[1/1]⎯[22m[39m


[2m Test Files [22m [1m[31m1 failed[39m[22m[2m | [22m[1m[32m3 passed[39m[22m[90m (4)[39m
[2m      Tests [22m [1m[31m1 failed[39m[22m[2m | [22m[1m[32m23 passed[39m[22m[90m (24)[39m
[2m   Start at [22m 23:46:07
[2m   Duration [22m 3.88s[2m (transform 320ms, setup 0ms, import 1.31s, tests 3.30s, environment 1ms)[22m

